[13:12:35] [ServerMain/INFO]: [bootstrap] Running Java 25 (OpenJDK 64-Bit Server VM 25.0.2+10-LTS; Eclipse Adoptium Temurin-25.0.2+10) on Windows 11 10.0 (amd64)
[13:12:35] [ServerMain/INFO]: [bootstrap] Loading Paper 1.21.11-127-main@bd74bf6 (2026-03-10T02:55:23Z) for Minecraft 1.21.11
[13:12:36] [ServerMain/INFO]: [PluginInitializerManager] Initializing plugins...
[13:12:37] [ServerMain/INFO]: [PluginInitializerManager] Initialized 0 plugins
[13:12:44] [ServerMain/INFO]: Environment: Environment[sessionHost=https://sessionserver.mojang.com, servicesHost=https://api.minecraftservices.com, profilesHost=https://api.mojang.com, name=PROD]
[13:12:44] [ServerMain/INFO]: Found new data pack file/bukkit, loading it automatically
[13:12:44] [ServerMain/INFO]: Found new data pack paper, loading it automatically
[13:12:46] [ServerMain/INFO]: No existing world data, creating new world
[13:12:51] [ServerMain/INFO]: Loaded 1470 recipes
[13:12:51] [ServerMain/INFO]: Loaded 1584 advancements
[13:12:52] [ServerMain/INFO]: [ca.spottedleaf.dataconverter.minecraft.datatypes.MCTypeRegistry] Initialising converters for DataConverter...
[13:12:53] [ServerMain/INFO]: [ca.spottedleaf.dataconverter.minecraft.datatypes.MCTypeRegistry] Finished initialising converters for DataConverter in 1 221,5ms
[13:12:53] [Server thread/INFO]: Starting minecraft server version 1.21.11
[13:12:53] [Server thread/INFO]: Loading properties
[13:12:53] [Server thread/INFO]: This server is running Paper version 1.21.11-127-main@bd74bf6 (2026-03-10T02:55:23Z) (Implementing API version 1.21.11-R0.1-SNAPSHOT)
[13:12:54] [Server thread/INFO]: [spark] This server bundles the spark profiler. For more information please visit https://docs.papermc.io/paper/profiling
[13:12:54] [Server thread/INFO]: Server Ping Player Sample Count: 12
[13:12:54] [Server thread/INFO]: Using 4 threads for Netty based IO
[13:12:55] [Server thread/INFO]: [MoonriseCommon] Paper is using 2 worker threads, 1 I/O threads
[13:12:55] [Server thread/INFO]: Default game type: SURVIVAL
[13:12:55] [Server thread/INFO]: Generating keypair
[13:12:55] [Server thread/INFO]: Starting Minecraft server on *:25565
[13:12:55] [Server thread/INFO]: Paper: Using Java compression from Velocity.
[13:12:55] [Server thread/INFO]: Paper: Using Java cipher from Velocity.
[13:12:55] [Server thread/INFO]: Preparing level "world"
[13:12:56] [Server thread/INFO]: Selecting spawn point for world 'minecraft:overworld'...
[13:13:03] [Server thread/INFO]: Selecting spawn point for world 'minecraft:the_nether'...
[13:13:04] [Server thread/INFO]: Selecting spawn point for world 'minecraft:the_end'...
[13:13:05] [Server thread/INFO]: Loading 0 persistent chunks for world 'minecraft:overworld'...
[13:13:05] [Server thread/INFO]: Preparing spawn area: 100%
[13:13:05] [Server thread/INFO]: Prepared spawn area in 8860 ms
[13:13:05] [Server thread/INFO]: Loading 0 persistent chunks for world 'minecraft:the_nether'...
[13:13:05] [Server thread/INFO]: Preparing spawn area: 100%
[13:13:05] [Server thread/INFO]: Prepared spawn area in 1300 ms
[13:13:05] [Server thread/INFO]: Loading 0 persistent chunks for world 'minecraft:the_end'...
[13:13:05] [Server thread/INFO]: Preparing spawn area: 100%
[13:13:05] [Server thread/INFO]: Prepared spawn area in 392 ms
[13:13:05] [Server thread/INFO]: Done preparing level "world" (9.390s)
[13:13:05] [Server thread/INFO]: [spark] Starting background profiler...
[13:13:05] [Server thread/INFO]: [spark] The async-profiler engine is not supported for your os/arch (windows11/amd64), so the built-in Java engine will be used instead.
[13:13:05] [Server thread/INFO]: Running delayed init tasks
[13:13:05] [Server thread/INFO]: Done (34.903s)! For help, type "help"
[13:13:05] [Server thread/INFO]: *************************************************************************************
[13:13:05] [Server thread/INFO]: This is the first time you're starting this server.
[13:13:05] [Server thread/INFO]: It's recommended you read our 'Getting Started' documentation for guidance.
[13:13:05] [Server thread/INFO]: View this and more helpful information here: https://docs.papermc.io/paper/next-steps
[13:13:05] [Server thread/INFO]: *************************************************************************************
